// Jest Snapshot v1, https://goo.gl/fbAQLP

exports[`test the EditExpensePage should handle editExpense 1`] = `
<div>
  <ExpenseForm
    expense={
      Object {
        "amount": 550,
        "createdAt": -345600000,
        "description": "Rent",
        "id": "2",
        "note": "",
      }
    }
    onSubmit={[Function]}
  />
  <button
    onClick={[Function]}
  >
    Remove
  </button>
</div>
`;

exports[`test the EditExpensePage should handle editExpense 2`] = `
<div>
  <ExpenseForm
    expense={
      Object {
        "amount": 550,
        "createdAt": -345600000,
        "description": "Rent",
        "id": "2",
        "note": "",
      }
    }
    onSubmit={[Function]}
  />
  <button
    onClick={[Function]}
  >
    Remove
  </button>
</div>
`;

exports[`test the EditExpensePage should handle removeExpense 1`] = `
<div>
  <ExpenseForm
    expense={
      Object {
        "amount": 550,
        "createdAt": -345600000,
        "description": "Rent",
        "id": "2",
        "note": "",
      }
    }
    onSubmit={[Function]}
  />
  <button
    onClick={[Function]}
  >
    Remove
  </button>
</div>
`;

exports[`test the EditExpensePage should handle removeExpense 2`] = `
<div>
  <ExpenseForm
    expense={
      Object {
        "amount": 550,
        "createdAt": -345600000,
        "description": "Rent",
        "id": "2",
        "note": "",
      }
    }
    onSubmit={[Function]}
  />
  <button
    onClick={[Function]}
  >
    Remove
  </button>
</div>
`;
